// Jest Snapshot v1, https://goo.gl/fbAQLP

exports[`<ProjectsPage> snapshot 1`] = `ShallowWrapper {}`;
