// Jest Snapshot v1, https://goo.gl/fbAQLP

exports[`<ProjectList /> snapshot 1`] = `ShallowWrapper {}`;
