// Jest Snapshot v1, https://goo.gl/fbAQLP

exports[`<ProjectCard /> snapshot 1`] = `ShallowWrapper {}`;
